// Jest Snapshot v1, https://goo.gl/fbAQLP

exports[`BasicLottoBoard game component should render a default board 1`] = `[Function]`;
